// Jest Snapshot v1, https://goo.gl/fbAQLP

exports[`Pruebas en GifItem prueba martch con el stanpshot 1`] = `
<div>
  <div
    class="card"
  >
    <img
      alt="titulo"
      src="https://mi-url.com/img.jpg"
    />
    <p>
      titulo
    </p>
  </div>
</div>
`;
